// Jest Snapshot v1, https://goo.gl/fbAQLP

exports[`Alert should render properly 1`] = `ReactWrapper {}`;
