// Jest Snapshot v1, https://goo.gl/fbAQLP

exports[`Logout Form should render properly 1`] = `ShallowWrapper {}`;
