// Jest Snapshot v1, https://goo.gl/fbAQLP

exports[`Main Screen should render properly 1`] = `ShallowWrapper {}`;
