// Jest Snapshot v1, https://goo.gl/fbAQLP

exports[`Video Screen should render properly 1`] = `ShallowWrapper {}`;
